// Jest Snapshot v1, https://goo.gl/fbAQLP

exports[`ConsultTransferPopoverComponent Snapshots Rendering - Tests for UI elements and visual states of ConsultTransferPopoverComponent component should render with agents having different states 1`] = `
<div
  class="agent-popover-content"
>
  <mdc-text
    class="md-text-wrapper agent-popover-title"
    style="margin: 0px;"
    tagname="h3"
    type="body-large-bold"
  >
    Select an Agent
  </mdc-text>
  <div
    style="margin: 8px 0px;"
  >
    <div
      class="md-text-input-wrapper"
      data-focus="false"
      data-level="none"
      style="width: 100%;"
    >
      <div
        class="md-text-input-container"
      >
        <input
          aria-labelledby="consult-search-label"
          id="consult-search"
          placeholder="Search..."
          type="text"
          value=""
        />
      </div>
      <div
        class="md-screen-reader-announcer-wrapper"
        data-testid="screen-reader-announcer"
        style="clip-path: inset(50%); height: 1px; overflow: hidden; position: absolute; width: 1px; white-space: nowrap;"
      />
    </div>
  </div>
  <div
    style="margin: 8px 0px; display: flex; flex-direction: row; gap: 8px; flex-wrap: wrap;"
  >
    <button
      alt=""
      aria-labelledby=""
      class="md-button md-button--36"
      data-md-event-key="md-button-37"
      data-md-keyboard-key="agents"
      id="md-button-37"
      tabindex="0"
      type="button"
      variant="primary"
    >
      <span
        class="md-button__children"
        style="opacity: 1;"
      >
        Agents
      </span>
    </button>
    <button
      alt=""
      aria-labelledby=""
      class="md-button md-button--36"
      data-md-event-key="md-button-38"
      data-md-keyboard-key="queues"
      id="md-button-38"
      tabindex="0"
      type="button"
      variant="secondary"
    >
      <span
        class="md-button__children"
        style="opacity: 1;"
      >
        Queues
      </span>
    </button>
    <button
      alt=""
      aria-labelledby=""
      class="md-button md-button--36"
      data-md-event-key="md-button-39"
      data-md-keyboard-key="dial-number"
      id="md-button-39"
      tabindex="0"
      type="button"
      variant="secondary"
    >
      <span
        class="md-button__children"
        style="opacity: 1;"
      >
        Dial Number
      </span>
    </button>
    <button
      alt=""
      aria-labelledby=""
      class="md-button md-button--36"
      data-md-event-key="md-button-40"
      data-md-keyboard-key="entry-point"
      id="md-button-40"
      tabindex="0"
      type="button"
      variant="secondary"
    >
      <span
        class="md-button__children"
        style="opacity: 1;"
      >
        Entry Point
      </span>
    </button>
  </div>
  <ul
    class="agent-list md-list-wrapper"
  >
    <div
      style="cursor: pointer; pointer-events: auto;"
    >
      <li
        aria-label="Available Agent"
        class="call-control-list-item md-list-item-base-wrapper"
        data-allow-text-select="false"
        data-disabled="false"
        data-interactive="true"
        data-padded="true"
        data-shape="rectangle"
        data-size="50"
        role="listitem"
        tabindex="-1"
      >
        <div
          data-position="start"
        >
          <div
            aria-hidden="false"
            aria-label=""
            class="md-avatar-wrapper"
            data-color="default"
            data-size="32"
            role="img"
          >
            <span
              aria-hidden="true"
              class="md-avatar-wrapper-children"
            >
              AA
            </span>
          </div>
        </div>
        <div
          data-position="middle"
          style="flex: 1; display: flex; flex-direction: column; margin-left: 8px; min-width: 0; overflow: hidden;"
        >
          <mdc-text
            class="md-text-wrapper"
            style="margin: 0px; line-height: 1.2;"
            tagname="p"
            type="body-large-regular"
          >
            Available Agent
          </mdc-text>
        </div>
        <div
          data-position="end"
        >
          <div
            class="hover-button"
          >
            <button
              class="md-button-circle-wrapper md-button-simple-wrapper"
              data-color="join"
              data-disabled="false"
              data-ghost="false"
              data-inverted="false"
              data-multiple-children="false"
              data-outline="false"
              data-shallow-disabled="false"
              data-size="28"
              tabindex="-1"
              type="button"
            >
              <mdc-icon
                name="agent-icon"
              />
            </button>
          </div>
        </div>
      </li>
    </div>
    <div
      style="cursor: pointer; pointer-events: auto;"
    >
      <li
        aria-label="Busy Agent"
        class="call-control-list-item md-list-item-base-wrapper"
        data-allow-text-select="false"
        data-disabled="false"
        data-interactive="true"
        data-padded="true"
        data-shape="rectangle"
        data-size="50"
        role="listitem"
        tabindex="-1"
      >
        <div
          data-position="start"
        >
          <div
            aria-hidden="false"
            aria-label=""
            class="md-avatar-wrapper"
            data-color="default"
            data-size="32"
            role="img"
          >
            <span
              aria-hidden="true"
              class="md-avatar-wrapper-children"
            >
              BA
            </span>
          </div>
        </div>
        <div
          data-position="middle"
          style="flex: 1; display: flex; flex-direction: column; margin-left: 8px; min-width: 0; overflow: hidden;"
        >
          <mdc-text
            class="md-text-wrapper"
            style="margin: 0px; line-height: 1.2;"
            tagname="p"
            type="body-large-regular"
          >
            Busy Agent
          </mdc-text>
        </div>
        <div
          data-position="end"
        >
          <div
            class="hover-button"
          >
            <button
              class="md-button-circle-wrapper md-button-simple-wrapper"
              data-color="join"
              data-disabled="false"
              data-ghost="false"
              data-inverted="false"
              data-multiple-children="false"
              data-outline="false"
              data-shallow-disabled="false"
              data-size="28"
              tabindex="-1"
              type="button"
            >
              <mdc-icon
                name="agent-icon"
              />
            </button>
          </div>
        </div>
      </li>
    </div>
    <div
      style="cursor: pointer; pointer-events: auto;"
    >
      <li
        aria-label="Idle Agent"
        class="call-control-list-item md-list-item-base-wrapper"
        data-allow-text-select="false"
        data-disabled="false"
        data-interactive="true"
        data-padded="true"
        data-shape="rectangle"
        data-size="50"
        role="listitem"
        tabindex="-1"
      >
        <div
          data-position="start"
        >
          <div
            aria-hidden="false"
            aria-label=""
            class="md-avatar-wrapper"
            data-color="default"
            data-size="32"
            role="img"
          >
            <span
              aria-hidden="true"
              class="md-avatar-wrapper-children"
            >
              IA
            </span>
          </div>
        </div>
        <div
          data-position="middle"
          style="flex: 1; display: flex; flex-direction: column; margin-left: 8px; min-width: 0; overflow: hidden;"
        >
          <mdc-text
            class="md-text-wrapper"
            style="margin: 0px; line-height: 1.2;"
            tagname="p"
            type="body-large-regular"
          >
            Idle Agent
          </mdc-text>
        </div>
        <div
          data-position="end"
        >
          <div
            class="hover-button"
          >
            <button
              class="md-button-circle-wrapper md-button-simple-wrapper"
              data-color="join"
              data-disabled="false"
              data-ghost="false"
              data-inverted="false"
              data-multiple-children="false"
              data-outline="false"
              data-shallow-disabled="false"
              data-size="28"
              tabindex="-1"
              type="button"
            >
              <mdc-icon
                name="agent-icon"
              />
            </button>
          </div>
        </div>
      </li>
    </div>
  </ul>
</div>
`;
