// Jest Snapshot v1, https://goo.gl/fbAQLP

exports[`DialNumberUI snapshot matches snapshot 1`] = `
<div>
  <div
    class="consult-transfer-dial-number-container"
  >
    <mdc-input
      class="consult-transfer-dial-number-input"
      data-testid="consult-transfer-dial-number-input"
    />
    <button
      class="md-button-circle-wrapper consult-transfer-dial-number-btn md-button-simple-wrapper"
      data-color="join"
      data-disabled="false"
      data-ghost="false"
      data-inverted="false"
      data-multiple-children="false"
      data-outline="false"
      data-shallow-disabled="false"
      data-size="28"
      data-testid="dial-number-btn"
      type="button"
    >
      <mdc-icon />
    </button>
  </div>
</div>
`;
